// Jest Snapshot v1, https://goo.gl/fbAQLP

exports[`HomePage match snapshot 1`] = `
<div>
  <h1>
    Home page
  </h1>
</div>
`;
